
> notion-client-dashboard@0.0.0 build
> vite build

vite v8.0.1 building client environment for production...
[2Ktransforming...✓ 1826 modules transformed.
✗ Build failed in 145ms
error during build:
Build failed with 1 error:

[plugin vite:css] /Users/francisco.ferrer/workspace/personal/notion-client-dashboard/frontend/src/index.css:undefined:NaN
Error: [postcss] EPERM: operation not permitted, stat '/Users/francisco.ferrer/package.json'
    at Object.statSync (node:fs:1740:25)
    at getPathType (/Users/francisco.ferrer/workspace/personal/notion-client-dashboard/frontend/node_modules/browserslist/node.js:45:43)
    at isFile (/Users/francisco.ferrer/workspace/personal/notion-client-dashboard/frontend/node_modules/browserslist/node.js:65:10)
    at /Users/francisco.ferrer/workspace/personal/notion-client-dashboard/frontend/node_modules/browserslist/node.js:420:13
    at eachParent (/Users/francisco.ferrer/workspace/personal/notion-client-dashboard/frontend/node_modules/browserslist/node.js:90:21)
    at Object.findConfigFile (/Users/francisco.ferrer/workspace/personal/notion-client-dashboard/frontend/node_modules/browserslist/node.js:412:12)
    at Object.findConfig (/Users/francisco.ferrer/workspace/personal/notion-client-dashboard/frontend/node_modules/browserslist/node.js:457:27)
    at Function.loadConfig (/Users/francisco.ferrer/workspace/personal/notion-client-dashboard/frontend/node_modules/browserslist/node.js:323:37)
    at prepareQueries (/Users/francisco.ferrer/workspace/personal/notion-client-dashboard/frontend/node_modules/browserslist/index.js:380:31)
    at browserslist (/Users/francisco.ferrer/workspace/personal/notion-client-dashboard/frontend/node_modules/browserslist/index.js:404:13)
    at aggregateBindingErrorsIntoJsError (file:///Users/francisco.ferrer/workspace/personal/notion-client-dashboard/frontend/node_modules/rolldown/dist/shared/error-BO4SlZV_.mjs:48:18)
    at unwrapBindingResult (file:///Users/francisco.ferrer/workspace/personal/notion-client-dashboard/frontend/node_modules/rolldown/dist/shared/error-BO4SlZV_.mjs:18:128)
    at #build (file:///Users/francisco.ferrer/workspace/personal/notion-client-dashboard/frontend/node_modules/rolldown/dist/shared/rolldown-build-yQC7KN8K.mjs:3311:34)
    at async buildEnvironment (file:///Users/francisco.ferrer/workspace/personal/notion-client-dashboard/frontend/node_modules/vite/dist/node/chunks/node.js:32817:64)
    at async Object.build (file:///Users/francisco.ferrer/workspace/personal/notion-client-dashboard/frontend/node_modules/vite/dist/node/chunks/node.js:33239:19)
    at async Object.buildApp (file:///Users/francisco.ferrer/workspace/personal/notion-client-dashboard/frontend/node_modules/vite/dist/node/chunks/node.js:33236:153)
    at async CAC.<anonymous> (file:///Users/francisco.ferrer/workspace/personal/notion-client-dashboard/frontend/node_modules/vite/dist/node/cli.js:778:3) {
  errors: [Getter/Setter]
}
